7tv.app
abs-0.twimg.com
abs-zero.twimg.com
abs.twimg.com
alphacoders.com
anilibria.tv
animestars.org
api.twitter.com
aqicn.org
cdninstagram.com
chess.com
deviantart.com
discord.com
discord.gg
discord.media
discordapp.com
discordapp.io
discordapp.org
discordstatus.com
dl.discordapp.net
dual-a-0001.a-msedge.net
edge.microsoft.com
edgeservices.bing.com
facebook.com
fb.com
fbcdn.net
fbsbx.com
gateway.discord.gg
geekyfuroshiki.com
genius.com
gnome-look.org
hd.zetfix.online
hdkinoteatr.com
hdrezka.fm
images.discordapp.net
instagram.com
instagram.fhrk1-1.fna.fbcdn.net
instagram.fkun2-1.fna.fbcdn.net
instagram.frix7-1.fna.fbcdn.net
instagram.fvno2-1.fna.fbcdn.net
it-tools.tech
jut.su
kino.pub
kinobase.org
kinogo.ec
kinokopilka.pro
kinovod.net
kinozal.me
kinozal.tv
linuxiac.com
lostfilm.run
lostfilm.today
lostfilm.tv
lostfilm.win
macvendors.com
meteo.paraplan.net
mobile.events.data.microsoft.com
naps2.com
news.google.com
newstudio.tv
notepad-plus-plus.org
omv-extras.org
openwrt.wk.cz
os.mbed.com
pbs.twimg.com
photopea.com
piccy.info
pixabay.com
pixiv.net
platform.twitter.com
radarr.servarr.com
refactoring.guru
resp.app
rezka.ag
rpm.grafana.com
scontent.cdninstagram.com
snapmagic.com
soapui.org
st.kinovod.net
static.cdninstagram.com
status.discordapp.com
swagger.io
sysdig.com
t.co
tokenized.play.google.com
tr.anidub.com
twitter.com
velocidrone.com
vhd.zetflix.online
video.twimg.com
vndb.org
vyos.io
vyos.net
wall.alphacoders.com
wallpapercave.com
weather.com
windguru.cz
wixmp.com
wunderground.com
www.postfix.org
www.wikiart.org
x.com
youtu.be
yt3.googleusercontent.com
zetflix.online
